// Jest Snapshot v1, https://goo.gl/fbAQLP

exports[`App Aside renders to match snapshot 1`] = `
<el-aside-stub width="200px" style="background-color: rgb(238, 241, 246);">
  <el-menu-stub mode="vertical" defaultactive="" defaultopeneds="1,3" menutrigger="hover" collapsetransition="true">
    <el-submenu-stub offset="0" boundariespadding="5" popperoptions="[object Object]" index="1" showtimeout="300" hidetimeout="300">
      <el-menu-item-group-stub>
        <el-menu-item-stub index="1-1">Option 1</el-menu-item-stub>
        <el-menu-item-stub index="1-2">Option 2</el-menu-item-stub>
      </el-menu-item-group-stub>
      <el-menu-item-group-stub title="Group 2">
        <el-menu-item-stub index="1-3">Option 3</el-menu-item-stub>
      </el-menu-item-group-stub>
      <el-submenu-stub offset="0" boundariespadding="5" popperoptions="[object Object]" index="1-4" showtimeout="300" hidetimeout="300">
        <el-menu-item-stub index="1-4-1">Option 4-1</el-menu-item-stub>
      </el-submenu-stub>
    </el-submenu-stub>
    <el-submenu-stub offset="0" boundariespadding="5" popperoptions="[object Object]" index="2" showtimeout="300" hidetimeout="300">
      <el-menu-item-group-stub>
        <el-menu-item-stub index="2-1">Option 1</el-menu-item-stub>
        <el-menu-item-stub index="2-2">Option 2</el-menu-item-stub>
      </el-menu-item-group-stub>
      <el-menu-item-group-stub title="Group 2">
        <el-menu-item-stub index="2-3">Option 3</el-menu-item-stub>
      </el-menu-item-group-stub>
      <el-submenu-stub offset="0" boundariespadding="5" popperoptions="[object Object]" index="2-4" showtimeout="300" hidetimeout="300">
        <el-menu-item-stub index="2-4-1">Option 4-1</el-menu-item-stub>
      </el-submenu-stub>
    </el-submenu-stub>
    <el-submenu-stub offset="0" boundariespadding="5" popperoptions="[object Object]" index="3" showtimeout="300" hidetimeout="300">
      <el-menu-item-group-stub>
        <el-menu-item-stub index="3-1">Option 1</el-menu-item-stub>
        <el-menu-item-stub index="3-2">Option 2</el-menu-item-stub>
      </el-menu-item-group-stub>
      <el-menu-item-group-stub title="Group 2">
        <el-menu-item-stub index="3-3">Option 3</el-menu-item-stub>
      </el-menu-item-group-stub>
      <el-submenu-stub offset="0" boundariespadding="5" popperoptions="[object Object]" index="3-4" showtimeout="300" hidetimeout="300">
        <el-menu-item-stub index="3-4-1">Option 4-1</el-menu-item-stub>
      </el-submenu-stub>
    </el-submenu-stub>
  </el-menu-stub>
</el-aside-stub>
`;
